14:56:43 **** Build of configuration Debug for project jstk2_oledRGB ****
make all 
make --no-print-directory pre-build
a9-linaro-pre-build-step
' '
make --no-print-directory main-build
'Building file: ../src/main.c'
'Invoking: ARM v7 gcc compiler'
arm-none-eabi-gcc -Wall -O0 -g3 -c -fmessage-length=0 -MT"src/main.o" -mcpu=cortex-a9 -mfpu=vfpv3 -mfloat-abi=hard -IC:/Users/PC-CLICK-PLUS/Desktop/Stage_CRTI/vitis/prj_jstk2_oledRGB/jstk2_oledRGB_platforme/export/jstk2_oledRGB_platforme/sw/jstk2_oledRGB_platforme/standalone_domain/bspinclude/include -MMD -MP -MF"src/main.d" -MT"src/main.o" -o "src/main.o" "../src/main.c"
'Finished building: ../src/main.c'
' '
'Building target: jstk2_oledRGB.elf'
'Invoking: ARM v7 gcc linker'
arm-none-eabi-gcc -mcpu=cortex-a9 -mfpu=vfpv3 -mfloat-abi=hard -Wl,-build-id=none -specs=Xilinx.spec -Wl,-T -Wl,../src/lscript.ld -LC:/Users/PC-CLICK-PLUS/Desktop/Stage_CRTI/vitis/prj_jstk2_oledRGB/jstk2_oledRGB_platforme/export/jstk2_oledRGB_platforme/sw/jstk2_oledRGB_platforme/standalone_domain/bsplib/lib -o "jstk2_oledRGB.elf"  ./src/main.o   -Wl,--start-group,-lxil,-lgcc,-lc,--end-group
'Finished building target: jstk2_oledRGB.elf'
' '
'Invoking: ARM v7 Print Size'
arm-none-eabi-size jstk2_oledRGB.elf  |tee "jstk2_oledRGB.elf.size"
   text	   data	    bss	    dec	    hex	filename
  39160	   1216	  22968	  63344	   f770	jstk2_oledRGB.elf
'Finished building: jstk2_oledRGB.elf.size'
' '

14:56:49 Build Finished (took 5s.584ms)

