15:23:27 **** Incremental Build of configuration Debug for project test_pwm ****
make all 
make --no-print-directory pre-build
a9-linaro-pre-build-step
' '
make --no-print-directory main-build
'Building file: ../src/main.c'
'Invoking: ARM v7 gcc compiler'
arm-none-eabi-gcc -Wall -O0 -g3 -c -fmessage-length=0 -MT"src/main.o" -mcpu=cortex-a9 -mfpu=vfpv3 -mfloat-abi=hard -IC:/Users/PC-CLICK-PLUS/Desktop/Stage_CRTI/vitis/prj_motor_pwm/motor_pwm_plztforme/export/motor_pwm_plztforme/sw/motor_pwm_plztforme/standalone_domain/bspinclude/include -MMD -MP -MF"src/main.d" -MT"src/main.o" -o "src/main.o" "../src/main.c"
'Finished building: ../src/main.c'
' '
'Building target: test_pwm.elf'
'Invoking: ARM v7 gcc linker'
arm-none-eabi-gcc -mcpu=cortex-a9 -mfpu=vfpv3 -mfloat-abi=hard -Wl,-build-id=none -specs=Xilinx.spec -Wl,-T -Wl,../src/lscript.ld -LC:/Users/PC-CLICK-PLUS/Desktop/Stage_CRTI/vitis/prj_motor_pwm/motor_pwm_plztforme/export/motor_pwm_plztforme/sw/motor_pwm_plztforme/standalone_domain/bsplib/lib -o "test_pwm.elf"  ./src/main.o   -Wl,--start-group,-lxil,-lgcc,-lc,--end-group
'Finished building target: test_pwm.elf'
' '
'Invoking: ARM v7 Print Size'
arm-none-eabi-size test_pwm.elf  |tee "test_pwm.elf.size"
   text	   data	    bss	    dec	    hex	filename
  20940	   1160	  22600	  44700	   ae9c	test_pwm.elf
'Finished building: test_pwm.elf.size'
' '

15:23:42 Build Finished (took 14s.912ms)

