Nothing to build in platform 'blink_led_vhdl'

14:39:15 **** Incremental Build of configuration Debug for project blink_led ****
make all 
make --no-print-directory pre-build
a9-linaro-pre-build-step
' '
make --no-print-directory main-build
'Building file: ../src/led_controller_test_tut_4A.c'
'Invoking: ARM v7 gcc compiler'
arm-none-eabi-gcc -Wall -O0 -g3 -c -fmessage-length=0 -MT"src/led_controller_test_tut_4A.o" -mcpu=cortex-a9 -mfpu=vfpv3 -mfloat-abi=hard -IC:/Users/PC-CLICK-PLUS/stage/vitis/prj_led_vhdl/blink_led_vhdl/export/blink_led_vhdl/sw/blink_led_vhdl/standalone_domain/bspinclude/include -MMD -MP -MF"src/led_controller_test_tut_4A.d" -MT"src/led_controller_test_tut_4A.o" -o "src/led_controller_test_tut_4A.o" "../src/led_controller_test_tut_4A.c"
'Finished building: ../src/led_controller_test_tut_4A.c'
' '
'Building target: blink_led.elf'
'Invoking: ARM v7 gcc linker'
arm-none-eabi-gcc -mcpu=cortex-a9 -mfpu=vfpv3 -mfloat-abi=hard -Wl,-build-id=none -specs=Xilinx.spec -Wl,-T -Wl,../src/lscript.ld -LC:/Users/PC-CLICK-PLUS/stage/vitis/prj_led_vhdl/blink_led_vhdl/export/blink_led_vhdl/sw/blink_led_vhdl/standalone_domain/bsplib/lib -o "blink_led.elf"  ./src/led_controller_test_tut_4A.o   -Wl,--start-group,-lxil,-lgcc,-lc,--end-group
'Finished building target: blink_led.elf'
' '
'Invoking: ARM v7 Print Size'
arm-none-eabi-size blink_led.elf  |tee "blink_led.elf.size"
   text	   data	    bss	    dec	    hex	filename
  29580	   1544	  23256	  54380	   d46c	blink_led.elf
'Finished building: blink_led.elf.size'
' '
