14:34:46 **** Build of configuration Debug for project counter_interrupt2 ****
make all 
make --no-print-directory pre-build
a9-linaro-pre-build-step
' '
make --no-print-directory main-build
'Building file: ../src/interrupt_counter_tut_2B.c'
'Invoking: ARM v7 gcc compiler'
arm-none-eabi-gcc -Wall -O0 -g3 -c -fmessage-length=0 -MT"src/interrupt_counter_tut_2B.o" -mcpu=cortex-a9 -mfpu=vfpv3 -mfloat-abi=hard -IC:/Users/PC-CLICK-PLUS/stage/vitis/prj_counter_interrupt/prj_counter_interrupt/export/prj_counter_interrupt/sw/prj_counter_interrupt/standalone_domain/bspinclude/include -MMD -MP -MF"src/interrupt_counter_tut_2B.d" -MT"src/interrupt_counter_tut_2B.o" -o "src/interrupt_counter_tut_2B.o" "../src/interrupt_counter_tut_2B.c"
'Finished building: ../src/interrupt_counter_tut_2B.c'
' '
'Building target: counter_interrupt2.elf'
'Invoking: ARM v7 gcc linker'
arm-none-eabi-gcc -mcpu=cortex-a9 -mfpu=vfpv3 -mfloat-abi=hard -Wl,-build-id=none -specs=Xilinx.spec -Wl,-T -Wl,../src/lscript.ld -LC:/Users/PC-CLICK-PLUS/stage/vitis/prj_counter_interrupt/prj_counter_interrupt/export/prj_counter_interrupt/sw/prj_counter_interrupt/standalone_domain/bsplib/lib -o "counter_interrupt2.elf"  ./src/interrupt_counter_tut_2B.o   -Wl,--start-group,-lxil,-lgcc,-lc,--end-group
'Finished building target: counter_interrupt2.elf'
' '
'Invoking: ARM v7 Print Size'
arm-none-eabi-size counter_interrupt2.elf  |tee "counter_interrupt2.elf.size"
   text	   data	    bss	    dec	    hex	filename
  24880	   1952	  22632	  49464	   c138	counter_interrupt2.elf
'Finished building: counter_interrupt2.elf.size'
' '

14:34:49 Build Finished (took 3s.394ms)

